src/components/organisms/ComparisonHero/ComparisonHero.tsx(397,19): error TS2322: Type '{ name: string | undefined; fullName: string | undefined; shortName: string | undefined; image: string; brightness: number; contrast: number; saturate: number; sepia: number; shadows: number; } | { ...; }' is not assignable to type '{ name: string; fullName?: string | undefined; image: string; brightness: number; contrast: number; saturate: number; sepia: number; shadows: number; }'.
  Type '{ name: string | undefined; fullName: string | undefined; shortName: string | undefined; image: string; brightness: number; contrast: number; saturate: number; sepia: number; shadows: number; }' is not assignable to type '{ name: string; fullName?: string | undefined; image: string; brightness: number; contrast: number; saturate: number; sepia: number; shadows: number; }'.
    Types of property 'name' are incompatible.
      Type 'string | undefined' is not assignable to type 'string'.
        Type 'undefined' is not assignable to type 'string'.
src/components/organisms/ComparisonHero/ComparisonHero.tsx(442,19): error TS2322: Type '{ name: string | undefined; fullName: string | undefined; shortName: string | undefined; image: string; brightness: number; contrast: number; saturate: number; sepia: number; shadows: number; } | { ...; }' is not assignable to type '{ name: string; fullName?: string | undefined; image: string; brightness: number; contrast: number; saturate: number; sepia: number; shadows: number; }'.
  Type '{ name: string | undefined; fullName: string | undefined; shortName: string | undefined; image: string; brightness: number; contrast: number; saturate: number; sepia: number; shadows: number; }' is not assignable to type '{ name: string; fullName?: string | undefined; image: string; brightness: number; contrast: number; saturate: number; sepia: number; shadows: number; }'.
    Types of property 'name' are incompatible.
      Type 'string | undefined' is not assignable to type 'string'.
        Type 'undefined' is not assignable to type 'string'.
src/components/organisms/ComparisonHero/ComparisonHero.tsx(560,35): error TS2322: Type '{ name: string | undefined; fullName: string | undefined; shortName: string | undefined; image: string; brightness: number; contrast: number; saturate: number; sepia: number; shadows: number; } | { ...; }' is not assignable to type '{ name: string; fullName?: string | undefined; image: string; brightness: number; contrast: number; saturate: number; sepia: number; shadows: number; }'.
  Type '{ name: string | undefined; fullName: string | undefined; shortName: string | undefined; image: string; brightness: number; contrast: number; saturate: number; sepia: number; shadows: number; }' is not assignable to type '{ name: string; fullName?: string | undefined; image: string; brightness: number; contrast: number; saturate: number; sepia: number; shadows: number; }'.
    Types of property 'name' are incompatible.
      Type 'string | undefined' is not assignable to type 'string'.
        Type 'undefined' is not assignable to type 'string'.
src/components/organisms/ComparisonHero/ComparisonHero.tsx(590,35): error TS2322: Type '{ name: string | undefined; fullName: string | undefined; shortName: string | undefined; image: string; brightness: number; contrast: number; saturate: number; sepia: number; shadows: number; } | { ...; }' is not assignable to type '{ name: string; fullName?: string | undefined; image: string; brightness: number; contrast: number; saturate: number; sepia: number; shadows: number; }'.
  Type '{ name: string | undefined; fullName: string | undefined; shortName: string | undefined; image: string; brightness: number; contrast: number; saturate: number; sepia: number; shadows: number; }' is not assignable to type '{ name: string; fullName?: string | undefined; image: string; brightness: number; contrast: number; saturate: number; sepia: number; shadows: number; }'.
    Types of property 'name' are incompatible.
      Type 'string | undefined' is not assignable to type 'string'.
        Type 'undefined' is not assignable to type 'string'.
src/components/organisms/ComparisonHero/sections/CompetenciasPersonalesSection.tsx(48,19): error TS18047: 'leftCandidate.competenciasPersonales' is possibly 'null'.
src/components/organisms/ComparisonHero/sections/CompetenciasPersonalesSection.tsx(62,19): error TS18047: 'rightCandidate.competenciasPersonales' is possibly 'null'.
src/components/organisms/ComparisonHero/sections/HistorialLegislativoSection.tsx(41,26): error TS18047: 'candidate.historialLegislativo' is possibly 'null'.
src/components/organisms/ComparisonHero/sections/HistorialLegislativoSection.tsx(44,23): error TS18047: 'candidate.historialLegislativo' is possibly 'null'.
src/components/organisms/ComparisonHero/sections/HistorialLegislativoSection.tsx(48,13): error TS18047: 'candidate.historialLegislativo' is possibly 'null'.
src/components/organisms/ComparisonHero/sections/HistorialLegislativoSection.tsx(50,29): error TS18047: 'candidate.historialLegislativo' is possibly 'null'.
src/components/organisms/ComparisonHero/sections/HistorialLegislativoSection.tsx(51,17): error TS18047: 'candidate.historialLegislativo' is possibly 'null'.
src/components/organisms/ComparisonHero/sections/HistorialLegislativoSection.tsx(52,11): error TS2322: Type 'string | undefined' is not assignable to type 'string'.
  Type 'undefined' is not assignable to type 'string'.
src/components/organisms/ComparisonHero/sections/HistorialLegislativoSection.tsx(53,19): error TS18047: 'candidate.historialLegislativo' is possibly 'null'.
src/components/organisms/ComparisonHero/sections/PercepcionPublicaSection.tsx(44,23): error TS18047: 'candidate.percepcionPublica' is possibly 'null'.
src/components/organisms/ComparisonHero/sections/PercepcionPublicaSection.tsx(46,9): error TS18047: 'candidate.percepcionPublica' is possibly 'null'.
src/components/organisms/ComparisonHero/sections/PercepcionPublicaSection.tsx(50,23): error TS18047: 'candidate.percepcionPublica' is possibly 'null'.
src/components/organisms/ComparisonHero/sections/PercepcionPublicaSection.tsx(51,41): error TS18047: 'candidate.percepcionPublica' is possibly 'null'.
src/components/organisms/ComparisonHero/sections/PercepcionPublicaSection.tsx(55,20): error TS18047: 'candidate.percepcionPublica' is possibly 'null'.
src/components/organisms/ComparisonHero/sections/PercepcionPublicaSection.tsx(56,20): error TS18047: 'candidate.percepcionPublica' is possibly 'null'.
src/components/organisms/ComparisonHero/sections/PercepcionPublicaSection.tsx(57,24): error TS18047: 'candidate.percepcionPublica' is possibly 'null'.
src/components/organisms/ComparisonHero/sections/PercepcionPublicaSection.tsx(58,11): error TS2322: Type 'string | undefined' is not assignable to type 'string'.
  Type 'undefined' is not assignable to type 'string'.
src/components/organisms/ComparisonHero/sections/PercepcionPublicaSection.tsx(61,23): error TS18047: 'candidate.percepcionPublica' is possibly 'null'.
src/data/index.ts(24,10): error TS2352: Conversion of type '{ id: string; slug: string; fullName: string; shortName: string; image: string; color: string; party: string; perfilGeneral: { edad: { value: null; source: never[]; }; nacimiento: { value: null; source: never[]; }; ... 7 more ...; ubicacionIdeologica: { ...; }; }; ... 10 more ...; historialLegislativo: { ...; }; }' to type 'CandidateComparisonData' may be a mistake because neither type sufficiently overlaps with the other. If this was intentional, convert the expression to 'unknown' first.
  The types of 'historialLegislativo.asistencia.label' are incompatible between these types.
    Type 'null' is not comparable to type 'string'.
src/data/index.ts(25,10): error TS2352: Conversion of type '{ id: string; slug: string; fullName: string; shortName: string; image: string; color: string; party: string; perfilGeneral: { edad: { value: null; source: never[]; }; nacimiento: { value: null; source: never[]; }; ... 7 more ...; ubicacionIdeologica: { ...; }; }; ... 10 more ...; historialLegislativo: { ...; }; }' to type 'CandidateComparisonData' may be a mistake because neither type sufficiently overlaps with the other. If this was intentional, convert the expression to 'unknown' first.
  The types of 'historialLegislativo.asistencia.label' are incompatible between these types.
    Type 'null' is not comparable to type 'string'.
src/data/index.ts(31,18): error TS2352: Conversion of type '{ id: string; slug: string; fullName: string; shortName: string; image: string; color: string; party: string; perfilGeneral: { edad: { value: null; source: never[]; }; nacimiento: { value: null; source: never[]; }; ... 7 more ...; ubicacionIdeologica: { ...; }; }; ... 10 more ...; historialLegislativo: { ...; }; }' to type 'CandidateComparisonData' may be a mistake because neither type sufficiently overlaps with the other. If this was intentional, convert the expression to 'unknown' first.
  The types of 'historialLegislativo.asistencia.label' are incompatible between these types.
    Type 'null' is not comparable to type 'string'.
src/data/index.ts(32,25): error TS2352: Conversion of type '{ id: string; slug: string; fullName: string; shortName: string; image: string; color: string; party: string; perfilGeneral: { edad: { value: null; source: never[]; }; nacimiento: { value: null; source: never[]; }; ... 7 more ...; ubicacionIdeologica: { ...; }; }; ... 10 more ...; historialLegislativo: { ...; }; }' to type 'CandidateComparisonData' may be a mistake because neither type sufficiently overlaps with the other. If this was intentional, convert the expression to 'unknown' first.
  The types of 'historialLegislativo.asistencia.label' are incompatible between these types.
    Type 'null' is not comparable to type 'string'.
src/data/index.ts(33,22): error TS2352: Conversion of type '{ id: string; slug: string; fullName: string; shortName: string; image: string; color: string; party: string; perfilGeneral: { edad: { value: null; source: never[]; }; nacimiento: { value: null; source: never[]; }; ... 7 more ...; ubicacionIdeologica: { ...; }; }; ... 10 more ...; historialLegislativo: { ...; }; }' to type 'CandidateComparisonData' may be a mistake because neither type sufficiently overlaps with the other. If this was intentional, convert the expression to 'unknown' first.
  The types of 'historialLegislativo.asistencia.label' are incompatible between these types.
    Type 'null' is not comparable to type 'string'.
src/data/index.ts(34,18): error TS2352: Conversion of type '{ id: string; slug: string; fullName: string; shortName: string; image: string; color: string; party: string; perfilGeneral: { edad: { value: null; source: never[]; }; nacimiento: { value: null; source: never[]; }; ... 7 more ...; ubicacionIdeologica: { ...; }; }; ... 10 more ...; historialLegislativo: { ...; }; }' to type 'CandidateComparisonData' may be a mistake because neither type sufficiently overlaps with the other. If this was intentional, convert the expression to 'unknown' first.
  The types of 'historialLegislativo.asistencia.label' are incompatible between these types.
    Type 'null' is not comparable to type 'string'.
src/data/index.ts(35,22): error TS2352: Conversion of type '{ id: string; slug: string; fullName: string; shortName: string; image: string; color: string; party: string; perfilGeneral: { edad: { value: null; source: never[]; }; nacimiento: { value: null; source: never[]; }; ... 7 more ...; ubicacionIdeologica: { ...; }; }; ... 10 more ...; historialLegislativo: { ...; }; }' to type 'CandidateComparisonData' may be a mistake because neither type sufficiently overlaps with the other. If this was intentional, convert the expression to 'unknown' first.
  The types of 'historialLegislativo.asistencia.label' are incompatible between these types.
    Type 'null' is not comparable to type 'string'.
